// Jest Snapshot v1, https://goo.gl/fbAQLP

exports[`WidgetSidebar snapshots default 1`] = `
<div
  className="widget-sidebar px-2"
>
  <div
    className="d-flex"
  >
    <injectIntl(ShimmedIntlComponent)
      className="d-flex flex-column"
      id="example"
      pluginProps={
        Object {
          "className": "flex-grow-1",
          "title": "example plugins",
        }
      }
      style={
        Object {
          "height": 800,
          "width": "100%",
        }
      }
    >
      <div
        key="default"
      >
        This is default plugin content.
      </div>
    </injectIntl(ShimmedIntlComponent)>
  </div>
</div>
`;
